/nfs/farm/g/lsst/u1/testData/eotestData/System/noise/data/sysnoise_000.fits
/nfs/farm/g/lsst/u1/testData/eotestData/System/noise/data/sysnoise_001.fits
/nfs/farm/g/lsst/u1/testData/eotestData/System/noise/data/sysnoise_002.fits
/nfs/farm/g/lsst/u1/testData/eotestData/System/noise/data/sysnoise_003.fits
/nfs/farm/g/lsst/u1/testData/eotestData/System/noise/data/sysnoise_004.fits
/nfs/farm/g/lsst/u1/testData/eotestData/System/noise/data/sysnoise_005.fits
/nfs/farm/g/lsst/u1/testData/eotestData/System/noise/data/sysnoise_006.fits
/nfs/farm/g/lsst/u1/testData/eotestData/System/noise/data/sysnoise_007.fits
/nfs/farm/g/lsst/u1/testData/eotestData/System/noise/data/sysnoise_008.fits
/nfs/farm/g/lsst/u1/testData/eotestData/System/noise/data/sysnoise_009.fits
