/nfs/farm/g/lsst/u1/testData/eotestData/000-00/xray/data/000_00_fe55_bias_000.fits
/nfs/farm/g/lsst/u1/testData/eotestData/000-00/xray/data/000_00_fe55_bias_001.fits
/nfs/farm/g/lsst/u1/testData/eotestData/000-00/xray/data/000_00_fe55_bias_002.fits
/nfs/farm/g/lsst/u1/testData/eotestData/000-00/xray/data/000_00_fe55_bias_003.fits
/nfs/farm/g/lsst/u1/testData/eotestData/000-00/xray/data/000_00_fe55_bias_004.fits
/nfs/farm/g/lsst/u1/testData/eotestData/000-00/xray/data/000_00_fe55_bias_005.fits
/nfs/farm/g/lsst/u1/testData/eotestData/000-00/xray/data/000_00_fe55_bias_006.fits
/nfs/farm/g/lsst/u1/testData/eotestData/000-00/xray/data/000_00_fe55_bias_007.fits
/nfs/farm/g/lsst/u1/testData/eotestData/000-00/xray/data/000_00_fe55_bias_008.fits
/nfs/farm/g/lsst/u1/testData/eotestData/000-00/xray/data/000_00_fe55_bias_009.fits
